<?xml version="1.0"?>
<link_info>
   <banner>TMS320C55x Linker PC v4.4.1</banner>
   <copyright>Copyright (c) 1996-2012 Texas Instruments Incorporated</copyright>
   <link_time>0x5b57f350</link_time>
   <output_file>DSP.out</output_file>
   <entry_point>
      <name>_c_int00</name>
      <address>0x115b6</address>
   </entry_point>
   <input_file_list>
      <input_file id="fl-2">
         <path>.\</path>
         <kind>object</kind>
         <file>aic3204_config.obj</file>
         <name>aic3204_config.obj</name>
      </input_file>
      <input_file id="fl-3">
         <path>.\</path>
         <kind>object</kind>
         <file>i2s_Intr.obj</file>
         <name>i2s_Intr.obj</name>
      </input_file>
      <input_file id="fl-4">
         <path>.\</path>
         <kind>object</kind>
         <file>main.obj</file>
         <name>main.obj</name>
      </input_file>
      <input_file id="fl-5">
         <path>.\</path>
         <kind>object</kind>
         <file>modulation_4fsk.obj</file>
         <name>modulation_4fsk.obj</name>
      </input_file>
      <input_file id="fl-c">
         <path>D:\dsp_filter\project_example_sine_750hz_1khz\ccs_v6.x_examples\C55XXCSL_LP\Debug\</path>
         <kind>archive</kind>
         <file>C55XXCSL_LP.lib</file>
         <name>csl_i2s.obj</name>
      </input_file>
      <input_file id="fl-d">
         <path>D:\dsp_filter\project_example_sine_750hz_1khz\ccs_v6.x_examples\C55XXCSL_LP\Debug\</path>
         <kind>archive</kind>
         <file>C55XXCSL_LP.lib</file>
         <name>csl_intc.obj</name>
      </input_file>
      <input_file id="fl-e">
         <path>D:\dsp_filter\project_example_sine_750hz_1khz\ccs_v6.x_examples\C55XXCSL_LP\Debug\</path>
         <kind>archive</kind>
         <file>C55XXCSL_LP.lib</file>
         <name>csl_irqplug.obj</name>
      </input_file>
      <input_file id="fl-f">
         <path>D:\dsp_filter\project_example_sine_750hz_1khz\ccs_v6.x_examples\C55XXCSL_LP\Debug\</path>
         <kind>archive</kind>
         <file>C55XXCSL_LP.lib</file>
         <name>csl_sysctrl.obj</name>
      </input_file>
      <input_file id="fl-10">
         <path>D:\dsp_filter\project_example_sine_750hz_1khz\ccs_v6.x_examples\C55XXCSL_LP\Debug\</path>
         <kind>archive</kind>
         <file>C55XXCSL_LP.lib</file>
         <name>csl_uart.obj</name>
      </input_file>
      <input_file id="fl-11">
         <path>D:\dsp_filter\project_example_sine_750hz_1khz\ccs_v6.x_examples\C55XXCSL_LP\Debug\</path>
         <kind>archive</kind>
         <file>C55XXCSL_LP.lib</file>
         <name>evm5515.obj</name>
      </input_file>
      <input_file id="fl-12">
         <path>D:\dsp_filter\project_example_sine_750hz_1khz\ccs_v6.x_examples\C55XXCSL_LP\Debug\</path>
         <kind>archive</kind>
         <file>C55XXCSL_LP.lib</file>
         <name>evm5515_i2c.obj</name>
      </input_file>
      <input_file id="fl-13">
         <path>D:\dsp_filter\project_example_sine_750hz_1khz\ccs_v6.x_examples\C55XXCSL_LP\Debug\</path>
         <kind>archive</kind>
         <file>C55XXCSL_LP.lib</file>
         <name>evm5517_i2cgpio.obj</name>
      </input_file>
      <input_file id="fl-14">
         <path>D:\dsp_filter\project_example_sine_750hz_1khz\ccs_v6.x_examples\C55XXCSL_LP\Debug\</path>
         <kind>archive</kind>
         <file>C55XXCSL_LP.lib</file>
         <name>vectors.obj</name>
      </input_file>
      <input_file id="fl-15">
         <path>D:\dsp_filter\project_example_sine_750hz_1khz\ccs_v6.x_examples\LIB_DSP\Debug\</path>
         <kind>archive</kind>
         <file>dsp.lib</file>
         <name>fir2.obj</name>
      </input_file>
      <input_file id="fl-16">
         <path>C:\ti\ccsv8\tools\compiler\c5500_4.4.1\lib\</path>
         <kind>archive</kind>
         <file>rts55x.lib</file>
         <name>boot.obj</name>
      </input_file>
      <input_file id="fl-17">
         <path>C:\ti\ccsv8\tools\compiler\c5500_4.4.1\lib\</path>
         <kind>archive</kind>
         <file>rts55x.lib</file>
         <name>defs.obj</name>
      </input_file>
      <input_file id="fl-18">
         <path>C:\ti\ccsv8\tools\compiler\c5500_4.4.1\lib\</path>
         <kind>archive</kind>
         <file>rts55x.lib</file>
         <name>divul.obj</name>
      </input_file>
      <input_file id="fl-19">
         <path>C:\ti\ccsv8\tools\compiler\c5500_4.4.1\lib\</path>
         <kind>archive</kind>
         <file>rts55x.lib</file>
         <name>exit.obj</name>
      </input_file>
      <input_file id="fl-1a">
         <path>C:\ti\ccsv8\tools\compiler\c5500_4.4.1\lib\</path>
         <kind>archive</kind>
         <file>rts55x.lib</file>
         <name>fflush.obj</name>
      </input_file>
      <input_file id="fl-1b">
         <path>C:\ti\ccsv8\tools\compiler\c5500_4.4.1\lib\</path>
         <kind>archive</kind>
         <file>rts55x.lib</file>
         <name>fixdul.obj</name>
      </input_file>
      <input_file id="fl-1c">
         <path>C:\ti\ccsv8\tools\compiler\c5500_4.4.1\lib\</path>
         <kind>archive</kind>
         <file>rts55x.lib</file>
         <name>fltuld.obj</name>
      </input_file>
      <input_file id="fl-1d">
         <path>C:\ti\ccsv8\tools\compiler\c5500_4.4.1\lib\</path>
         <kind>archive</kind>
         <file>rts55x.lib</file>
         <name>fscanf.obj</name>
      </input_file>
      <input_file id="fl-1e">
         <path>C:\ti\ccsv8\tools\compiler\c5500_4.4.1\lib\</path>
         <kind>archive</kind>
         <file>rts55x.lib</file>
         <name>lmpy.obj</name>
      </input_file>
      <input_file id="fl-1f">
         <path>C:\ti\ccsv8\tools\compiler\c5500_4.4.1\lib\</path>
         <kind>archive</kind>
         <file>rts55x.lib</file>
         <name>lowlev.obj</name>
      </input_file>
      <input_file id="fl-20">
         <path>C:\ti\ccsv8\tools\compiler\c5500_4.4.1\lib\</path>
         <kind>archive</kind>
         <file>rts55x.lib</file>
         <name>memset.obj</name>
      </input_file>
      <input_file id="fl-21">
         <path>C:\ti\ccsv8\tools\compiler\c5500_4.4.1\lib\</path>
         <kind>archive</kind>
         <file>rts55x.lib</file>
         <name>mpyd.obj</name>
      </input_file>
      <input_file id="fl-22">
         <path>C:\ti\ccsv8\tools\compiler\c5500_4.4.1\lib\</path>
         <kind>archive</kind>
         <file>rts55x.lib</file>
         <name>printf.obj</name>
      </input_file>
      <input_file id="fl-23">
         <path>C:\ti\ccsv8\tools\compiler\c5500_4.4.1\lib\</path>
         <kind>archive</kind>
         <file>rts55x.lib</file>
         <name>remul.obj</name>
      </input_file>
      <input_file id="fl-24">
         <path>C:\ti\ccsv8\tools\compiler\c5500_4.4.1\lib\</path>
         <kind>archive</kind>
         <file>rts55x.lib</file>
         <name>strlen.obj</name>
      </input_file>
      <input_file id="fl-25">
         <path>C:\ti\ccsv8\tools\compiler\c5500_4.4.1\lib\</path>
         <kind>archive</kind>
         <file>rts55x.lib</file>
         <name>trgdrv.obj</name>
      </input_file>
      <input_file id="fl-26">
         <path>C:\ti\ccsv8\tools\compiler\c5500_4.4.1\lib\</path>
         <kind>archive</kind>
         <file>rts55x.lib</file>
         <name>trgmsg.obj</name>
      </input_file>
      <input_file id="fl-27">
         <path>C:\ti\ccsv8\tools\compiler\c5500_4.4.1\lib\</path>
         <kind>archive</kind>
         <file>rts55x.lib</file>
         <name>udiv.obj</name>
      </input_file>
      <input_file id="fl-28">
         <path>C:\ti\ccsv8\tools\compiler\c5500_4.4.1\lib\</path>
         <kind>archive</kind>
         <file>rts55x.lib</file>
         <name>ungetc.obj</name>
      </input_file>
      <input_file id="fl-29">
         <path>C:\ti\ccsv8\tools\compiler\c5500_4.4.1\lib\</path>
         <kind>archive</kind>
         <file>rts55x.lib</file>
         <name>vectors.obj</name>
      </input_file>
      <input_file id="fl-2a">
         <path>C:\ti\ccsv8\tools\compiler\c5500_4.4.1\lib\</path>
         <kind>archive</kind>
         <file>rts55x.lib</file>
         <name>vsprintf.obj</name>
      </input_file>
      <input_file id="fl-2b">
         <path>C:\ti\ccsv8\tools\compiler\c5500_4.4.1\lib\</path>
         <kind>archive</kind>
         <file>rts55x.lib</file>
         <name>_lock.obj</name>
      </input_file>
      <input_file id="fl-2c">
         <path>C:\ti\ccsv8\tools\compiler\c5500_4.4.1\lib\</path>
         <kind>archive</kind>
         <file>rts55x.lib</file>
         <name>_printfi.obj</name>
      </input_file>
      <input_file id="fl-2d">
         <path>C:\ti\ccsv8\tools\compiler\c5500_4.4.1\lib\</path>
         <kind>archive</kind>
         <file>rts55x.lib</file>
         <name>_scanfi.obj</name>
      </input_file>
      <input_file id="fl-2e">
         <path>C:\ti\ccsv8\tools\compiler\c5500_4.4.1\lib\</path>
         <kind>archive</kind>
         <file>rts55x.lib</file>
         <name>args_main.obj</name>
      </input_file>
      <input_file id="fl-2f">
         <path>C:\ti\ccsv8\tools\compiler\c5500_4.4.1\lib\</path>
         <kind>archive</kind>
         <file>rts55x.lib</file>
         <name>atoi.obj</name>
      </input_file>
      <input_file id="fl-30">
         <path>C:\ti\ccsv8\tools\compiler\c5500_4.4.1\lib\</path>
         <kind>archive</kind>
         <file>rts55x.lib</file>
         <name>autoinit.obj</name>
      </input_file>
      <input_file id="fl-31">
         <path>C:\ti\ccsv8\tools\compiler\c5500_4.4.1\lib\</path>
         <kind>archive</kind>
         <file>rts55x.lib</file>
         <name>cmpd.obj</name>
      </input_file>
      <input_file id="fl-32">
         <path>C:\ti\ccsv8\tools\compiler\c5500_4.4.1\lib\</path>
         <kind>archive</kind>
         <file>rts55x.lib</file>
         <name>ctype.obj</name>
      </input_file>
      <input_file id="fl-33">
         <path>C:\ti\ccsv8\tools\compiler\c5500_4.4.1\lib\</path>
         <kind>archive</kind>
         <file>rts55x.lib</file>
         <name>divd.obj</name>
      </input_file>
      <input_file id="fl-34">
         <path>C:\ti\ccsv8\tools\compiler\c5500_4.4.1\lib\</path>
         <kind>archive</kind>
         <file>rts55x.lib</file>
         <name>fgetc.obj</name>
      </input_file>
      <input_file id="fl-35">
         <path>C:\ti\ccsv8\tools\compiler\c5500_4.4.1\lib\</path>
         <kind>archive</kind>
         <file>rts55x.lib</file>
         <name>fixdi.obj</name>
      </input_file>
      <input_file id="fl-36">
         <path>C:\ti\ccsv8\tools\compiler\c5500_4.4.1\lib\</path>
         <kind>archive</kind>
         <file>rts55x.lib</file>
         <name>fixdli.obj</name>
      </input_file>
      <input_file id="fl-37">
         <path>C:\ti\ccsv8\tools\compiler\c5500_4.4.1\lib\</path>
         <kind>archive</kind>
         <file>rts55x.lib</file>
         <name>fltlid.obj</name>
      </input_file>
      <input_file id="fl-38">
         <path>C:\ti\ccsv8\tools\compiler\c5500_4.4.1\lib\</path>
         <kind>archive</kind>
         <file>rts55x.lib</file>
         <name>fputc.obj</name>
      </input_file>
      <input_file id="fl-39">
         <path>C:\ti\ccsv8\tools\compiler\c5500_4.4.1\lib\</path>
         <kind>archive</kind>
         <file>rts55x.lib</file>
         <name>fputs.obj</name>
      </input_file>
      <input_file id="fl-3a">
         <path>C:\ti\ccsv8\tools\compiler\c5500_4.4.1\lib\</path>
         <kind>archive</kind>
         <file>rts55x.lib</file>
         <name>frcmpyd.obj</name>
      </input_file>
      <input_file id="fl-3b">
         <path>C:\ti\ccsv8\tools\compiler\c5500_4.4.1\lib\</path>
         <kind>archive</kind>
         <file>rts55x.lib</file>
         <name>frcmpyd_div.obj</name>
      </input_file>
      <input_file id="fl-3c">
         <path>C:\ti\ccsv8\tools\compiler\c5500_4.4.1\lib\</path>
         <kind>archive</kind>
         <file>rts55x.lib</file>
         <name>isinf.obj</name>
      </input_file>
      <input_file id="fl-3d">
         <path>C:\ti\ccsv8\tools\compiler\c5500_4.4.1\lib\</path>
         <kind>archive</kind>
         <file>rts55x.lib</file>
         <name>llmpy.obj</name>
      </input_file>
      <input_file id="fl-3e">
         <path>C:\ti\ccsv8\tools\compiler\c5500_4.4.1\lib\</path>
         <kind>archive</kind>
         <file>rts55x.lib</file>
         <name>ltoa.obj</name>
      </input_file>
      <input_file id="fl-3f">
         <path>C:\ti\ccsv8\tools\compiler\c5500_4.4.1\lib\</path>
         <kind>archive</kind>
         <file>rts55x.lib</file>
         <name>memccpy.obj</name>
      </input_file>
      <input_file id="fl-40">
         <path>C:\ti\ccsv8\tools\compiler\c5500_4.4.1\lib\</path>
         <kind>archive</kind>
         <file>rts55x.lib</file>
         <name>memcpy.obj</name>
      </input_file>
      <input_file id="fl-41">
         <path>C:\ti\ccsv8\tools\compiler\c5500_4.4.1\lib\</path>
         <kind>archive</kind>
         <file>rts55x.lib</file>
         <name>negd.obj</name>
      </input_file>
      <input_file id="fl-42">
         <path>C:\ti\ccsv8\tools\compiler\c5500_4.4.1\lib\</path>
         <kind>archive</kind>
         <file>rts55x.lib</file>
         <name>remli.obj</name>
      </input_file>
      <input_file id="fl-43">
         <path>C:\ti\ccsv8\tools\compiler\c5500_4.4.1\lib\</path>
         <kind>archive</kind>
         <file>rts55x.lib</file>
         <name>setvbuf.obj</name>
      </input_file>
      <input_file id="fl-44">
         <path>C:\ti\ccsv8\tools\compiler\c5500_4.4.1\lib\</path>
         <kind>archive</kind>
         <file>rts55x.lib</file>
         <name>strtod.obj</name>
      </input_file>
      <input_file id="fl-45">
         <path>C:\ti\ccsv8\tools\compiler\c5500_4.4.1\lib\</path>
         <kind>archive</kind>
         <file>rts55x.lib</file>
         <name>strtol.obj</name>
      </input_file>
      <input_file id="fl-46">
         <path>C:\ti\ccsv8\tools\compiler\c5500_4.4.1\lib\</path>
         <kind>archive</kind>
         <file>rts55x.lib</file>
         <name>strtold.obj</name>
      </input_file>
      <input_file id="fl-47">
         <path>C:\ti\ccsv8\tools\compiler\c5500_4.4.1\lib\</path>
         <kind>archive</kind>
         <file>rts55x.lib</file>
         <name>strtoll.obj</name>
      </input_file>
      <input_file id="fl-48">
         <path>C:\ti\ccsv8\tools\compiler\c5500_4.4.1\lib\</path>
         <kind>archive</kind>
         <file>rts55x.lib</file>
         <name>strtoul.obj</name>
      </input_file>
      <input_file id="fl-49">
         <path>C:\ti\ccsv8\tools\compiler\c5500_4.4.1\lib\</path>
         <kind>archive</kind>
         <file>rts55x.lib</file>
         <name>strtoull.obj</name>
      </input_file>
      <input_file id="fl-4a">
         <path>C:\ti\ccsv8\tools\compiler\c5500_4.4.1\lib\</path>
         <kind>archive</kind>
         <file>rts55x.lib</file>
         <name>subd.obj</name>
      </input_file>
      <input_file id="fl-4b">
         <path>C:\ti\ccsv8\tools\compiler\c5500_4.4.1\lib\</path>
         <kind>archive</kind>
         <file>rts55x.lib</file>
         <name>_bufread.obj</name>
      </input_file>
      <input_file id="fl-4c">
         <path>C:\ti\ccsv8\tools\compiler\c5500_4.4.1\lib\</path>
         <kind>archive</kind>
         <file>rts55x.lib</file>
         <name>_io_perm.obj</name>
      </input_file>
      <input_file id="fl-4d">
         <path>C:\ti\ccsv8\tools\compiler\c5500_4.4.1\lib\</path>
         <kind>archive</kind>
         <file>rts55x.lib</file>
         <name>addd.obj</name>
      </input_file>
      <input_file id="fl-4e">
         <path>C:\ti\ccsv8\tools\compiler\c5500_4.4.1\lib\</path>
         <kind>archive</kind>
         <file>rts55x.lib</file>
         <name>divli.obj</name>
      </input_file>
      <input_file id="fl-4f">
         <path>C:\ti\ccsv8\tools\compiler\c5500_4.4.1\lib\</path>
         <kind>archive</kind>
         <file>rts55x.lib</file>
         <name>errno.obj</name>
      </input_file>
      <input_file id="fl-50">
         <path>C:\ti\ccsv8\tools\compiler\c5500_4.4.1\lib\</path>
         <kind>archive</kind>
         <file>rts55x.lib</file>
         <name>fopen.obj</name>
      </input_file>
      <input_file id="fl-51">
         <path>C:\ti\ccsv8\tools\compiler\c5500_4.4.1\lib\</path>
         <kind>archive</kind>
         <file>rts55x.lib</file>
         <name>fseek.obj</name>
      </input_file>
      <input_file id="fl-52">
         <path>C:\ti\ccsv8\tools\compiler\c5500_4.4.1\lib\</path>
         <kind>archive</kind>
         <file>rts55x.lib</file>
         <name>idiv.obj</name>
      </input_file>
      <input_file id="fl-53">
         <path>C:\ti\ccsv8\tools\compiler\c5500_4.4.1\lib\</path>
         <kind>archive</kind>
         <file>rts55x.lib</file>
         <name>memory.obj</name>
      </input_file>
      <input_file id="fl-54">
         <path>C:\ti\ccsv8\tools\compiler\c5500_4.4.1\lib\</path>
         <kind>archive</kind>
         <file>rts55x.lib</file>
         <name>fclose.obj</name>
      </input_file>
      <input_file id="fl-55">
         <path>C:\ti\ccsv8\tools\compiler\c5500_4.4.1\lib\</path>
         <kind>archive</kind>
         <file>rts55x.lib</file>
         <name>remove.obj</name>
      </input_file>
   </input_file_list>
   <object_component_list>
      <object_component id="oc-5f">
         <name>vectors</name>
         <load_address>0x100</load_address>
         <run_address>0x100</run_address>
         <size>0x100</size>
         <input_file_ref idref="fl-14"/>
      </object_component>
      <object_component id="oc-bd">
         <name>vectors</name>
         <load_address>0x200</load_address>
         <run_address>0x200</run_address>
         <size>0x100</size>
         <input_file_ref idref="fl-29"/>
      </object_component>
      <object_component id="oc-cb">
         <name>.text</name>
         <load_address>0x8000</load_address>
         <run_address>0x8000</run_address>
         <size>0x15a4</size>
         <input_file_ref idref="fl-2c"/>
      </object_component>
      <object_component id="oc-48">
         <name>.text</name>
         <load_address>0x95a4</load_address>
         <run_address>0x95a4</run_address>
         <size>0x10d0</size>
         <input_file_ref idref="fl-10"/>
      </object_component>
      <object_component id="oc-d1">
         <name>.text</name>
         <load_address>0xa674</load_address>
         <run_address>0xa674</run_address>
         <size>0xedb</size>
         <input_file_ref idref="fl-2d"/>
      </object_component>
      <object_component id="oc-31">
         <name>.text</name>
         <load_address>0xb54f</load_address>
         <run_address>0xb54f</run_address>
         <size>0x95f</size>
         <input_file_ref idref="fl-c"/>
      </object_component>
      <object_component id="oc-28">
         <name>.text</name>
         <load_address>0xbeae</load_address>
         <run_address>0xbeae</run_address>
         <size>0x67b</size>
         <input_file_ref idref="fl-5"/>
      </object_component>
      <object_component id="oc-8f">
         <name>.text</name>
         <load_address>0xc529</load_address>
         <run_address>0xc529</run_address>
         <size>0x543</size>
         <input_file_ref idref="fl-1f"/>
      </object_component>
      <object_component id="oc-a9">
         <name>.text</name>
         <load_address>0xca6c</load_address>
         <run_address>0xca6c</run_address>
         <size>0x528</size>
         <input_file_ref idref="fl-25"/>
      </object_component>
      <object_component id="oc-38">
         <name>.text</name>
         <load_address>0xcf94</load_address>
         <run_address>0xcf94</run_address>
         <size>0x508</size>
         <input_file_ref idref="fl-d"/>
      </object_component>
      <object_component id="oc-16d">
         <name>.text</name>
         <load_address>0xd49c</load_address>
         <run_address>0xd49c</run_address>
         <size>0x4b5</size>
         <input_file_ref idref="fl-53"/>
      </object_component>
      <object_component id="oc-20">
         <name>.text</name>
         <load_address>0xd951</load_address>
         <run_address>0xd951</run_address>
         <size>0x43e</size>
         <input_file_ref idref="fl-4"/>
      </object_component>
      <object_component id="oc-e7">
         <name>.text</name>
         <load_address>0xdd8f</load_address>
         <run_address>0xdd8f</run_address>
         <size>0x3cc</size>
         <input_file_ref idref="fl-33"/>
      </object_component>
      <object_component id="oc-13b">
         <name>.text</name>
         <load_address>0xe15b</load_address>
         <run_address>0xe15b</run_address>
         <size>0x301</size>
         <input_file_ref idref="fl-47"/>
      </object_component>
      <object_component id="oc-12d">
         <name>.text</name>
         <load_address>0xe45c</load_address>
         <run_address>0xe45c</run_address>
         <size>0x2bd</size>
         <input_file_ref idref="fl-44"/>
      </object_component>
      <object_component id="oc-136">
         <name>.text</name>
         <load_address>0xe719</load_address>
         <run_address>0xe719</run_address>
         <size>0x29f</size>
         <input_file_ref idref="fl-46"/>
      </object_component>
      <object_component id="oc-15f">
         <name>.text</name>
         <load_address>0xe9b8</load_address>
         <run_address>0xe9b8</run_address>
         <size>0x27f</size>
         <input_file_ref idref="fl-50"/>
      </object_component>
      <object_component id="oc-12">
         <name>.text</name>
         <load_address>0xec37</load_address>
         <run_address>0xec37</run_address>
         <size>0x25f</size>
         <input_file_ref idref="fl-2"/>
      </object_component>
      <object_component id="oc-42">
         <name>.text</name>
         <load_address>0xee96</load_address>
         <run_address>0xee96</run_address>
         <size>0x25e</size>
         <input_file_ref idref="fl-f"/>
      </object_component>
      <object_component id="oc-111">
         <name>.text</name>
         <load_address>0xf0f4</load_address>
         <run_address>0xf0f4</run_address>
         <size>0x25e</size>
         <input_file_ref idref="fl-3d"/>
      </object_component>
      <object_component id="oc-153">
         <name>.text</name>
         <load_address>0xf352</load_address>
         <run_address>0xf352</run_address>
         <size>0x25a</size>
         <input_file_ref idref="fl-4d"/>
      </object_component>
      <object_component id="oc-143">
         <name>.text</name>
         <load_address>0xf5ac</load_address>
         <run_address>0xf5ac</run_address>
         <size>0x24b</size>
         <input_file_ref idref="fl-49"/>
      </object_component>
      <object_component id="oc-132">
         <name>.text</name>
         <load_address>0xf7f7</load_address>
         <run_address>0xf7f7</run_address>
         <size>0x208</size>
         <input_file_ref idref="fl-45"/>
      </object_component>
      <object_component id="oc-e1">
         <name>.text</name>
         <load_address>0xf9ff</load_address>
         <run_address>0xf9ff</run_address>
         <size>0x1ea</size>
         <input_file_ref idref="fl-31"/>
      </object_component>
      <object_component id="oc-13f">
         <name>.text</name>
         <load_address>0xfbe9</load_address>
         <run_address>0xfbe9</run_address>
         <size>0x1d1</size>
         <input_file_ref idref="fl-48"/>
      </object_component>
      <object_component id="oc-100">
         <name>.text</name>
         <load_address>0xfdba</load_address>
         <run_address>0xfdba</run_address>
         <size>0x163</size>
         <input_file_ref idref="fl-39"/>
      </object_component>
      <object_component id="oc-87">
         <name>.text</name>
         <load_address>0xff1d</load_address>
         <run_address>0xff1d</run_address>
         <size>0x161</size>
         <input_file_ref idref="fl-1d"/>
      </object_component>
      <object_component id="oc-59">
         <name>.text</name>
         <load_address>0x1007e</load_address>
         <run_address>0x1007e</run_address>
         <size>0x14e</size>
         <input_file_ref idref="fl-13"/>
      </object_component>
      <object_component id="oc-99">
         <name>.text</name>
         <load_address>0x101cc</load_address>
         <run_address>0x101cc</run_address>
         <size>0x14c</size>
         <input_file_ref idref="fl-21"/>
      </object_component>
      <object_component id="oc-52">
         <name>.text</name>
         <load_address>0x10318</load_address>
         <run_address>0x10318</run_address>
         <size>0x137</size>
         <input_file_ref idref="fl-12"/>
      </object_component>
      <object_component id="oc-129">
         <name>.text</name>
         <load_address>0x1044f</load_address>
         <run_address>0x1044f</run_address>
         <size>0xe6</size>
         <input_file_ref idref="fl-43"/>
      </object_component>
      <object_component id="oc-14f">
         <name>.text</name>
         <load_address>0x10535</load_address>
         <run_address>0x10535</run_address>
         <size>0xdd</size>
         <input_file_ref idref="fl-4c"/>
      </object_component>
      <object_component id="oc-17">
         <name>.text</name>
         <load_address>0x10612</load_address>
         <run_address>0x10612</run_address>
         <size>0xc6</size>
         <input_file_ref idref="fl-3"/>
      </object_component>
      <object_component id="oc-7a">
         <name>.text</name>
         <load_address>0x106d8</load_address>
         <run_address>0x106d8</run_address>
         <size>0xc2</size>
         <input_file_ref idref="fl-1a"/>
      </object_component>
      <object_component id="oc-b1">
         <name>.text:CIO_breakpoint</name>
         <load_address>0x1079a</load_address>
         <run_address>0x1079a</run_address>
         <size>0xba</size>
         <input_file_ref idref="fl-26"/>
      </object_component>
      <object_component id="oc-14b">
         <name>.text</name>
         <load_address>0x10854</load_address>
         <run_address>0x10854</run_address>
         <size>0xae</size>
         <input_file_ref idref="fl-4b"/>
      </object_component>
      <object_component id="oc-fc">
         <name>.text</name>
         <load_address>0x10902</load_address>
         <run_address>0x10902</run_address>
         <size>0xa6</size>
         <input_file_ref idref="fl-38"/>
      </object_component>
      <object_component id="oc-1b">
         <name>.text:retain</name>
         <load_address>0x109a8</load_address>
         <run_address>0x109a8</run_address>
         <size>0xa3</size>
         <input_file_ref idref="fl-3"/>
      </object_component>
      <object_component id="oc-6f">
         <name>.text</name>
         <load_address>0x10a4b</load_address>
         <run_address>0x10a4b</run_address>
         <size>0xa1</size>
         <input_file_ref idref="fl-18"/>
      </object_component>
      <object_component id="oc-eb">
         <name>.text</name>
         <load_address>0x10aec</load_address>
         <run_address>0x10aec</run_address>
         <size>0x9b</size>
         <input_file_ref idref="fl-34"/>
      </object_component>
      <object_component id="oc-b8">
         <name>.text</name>
         <load_address>0x10b87</load_address>
         <run_address>0x10b87</run_address>
         <size>0x9a</size>
         <input_file_ref idref="fl-28"/>
      </object_component>
      <object_component id="oc-3e">
         <name>.text</name>
         <load_address>0x10c21</load_address>
         <run_address>0x10c21</run_address>
         <size>0x8c</size>
         <input_file_ref idref="fl-e"/>
      </object_component>
      <object_component id="oc-115">
         <name>.text</name>
         <load_address>0x10cad</load_address>
         <run_address>0x10cad</run_address>
         <size>0x7d</size>
         <input_file_ref idref="fl-3e"/>
      </object_component>
      <object_component id="oc-63">
         <name>.text</name>
         <load_address>0x10d2a</load_address>
         <run_address>0x10d2a</run_address>
         <size>0x7b</size>
         <input_file_ref idref="fl-15"/>
      </object_component>
      <object_component id="oc-174">
         <name>.text</name>
         <load_address>0x10da5</load_address>
         <run_address>0x10da5</run_address>
         <size>0x7b</size>
         <input_file_ref idref="fl-54"/>
      </object_component>
      <object_component id="oc-7e">
         <name>.text</name>
         <load_address>0x10e20</load_address>
         <run_address>0x10e20</run_address>
         <size>0x77</size>
         <input_file_ref idref="fl-1b"/>
      </object_component>
      <object_component id="oc-105">
         <name>.text</name>
         <load_address>0x10e97</load_address>
         <run_address>0x10e97</run_address>
         <size>0x76</size>
         <input_file_ref idref="fl-3a"/>
      </object_component>
      <object_component id="oc-109">
         <name>.text</name>
         <load_address>0x10f0d</load_address>
         <run_address>0x10f0d</run_address>
         <size>0x73</size>
         <input_file_ref idref="fl-3b"/>
      </object_component>
      <object_component id="oc-a1">
         <name>.text</name>
         <load_address>0x10f80</load_address>
         <run_address>0x10f80</run_address>
         <size>0x72</size>
         <input_file_ref idref="fl-23"/>
      </object_component>
      <object_component id="oc-f3">
         <name>.text</name>
         <load_address>0x10ff2</load_address>
         <run_address>0x10ff2</run_address>
         <size>0x6f</size>
         <input_file_ref idref="fl-36"/>
      </object_component>
      <object_component id="oc-5e">
         <name>.text</name>
         <load_address>0x11061</load_address>
         <run_address>0x11061</run_address>
         <size>0x6d</size>
         <input_file_ref idref="fl-14"/>
      </object_component>
      <object_component id="oc-ae">
         <name>.text</name>
         <load_address>0x110ce</load_address>
         <run_address>0x110ce</run_address>
         <size>0x6d</size>
         <input_file_ref idref="fl-26"/>
      </object_component>
      <object_component id="oc-165">
         <name>.text</name>
         <load_address>0x1113b</load_address>
         <run_address>0x1113b</run_address>
         <size>0x6b</size>
         <input_file_ref idref="fl-51"/>
      </object_component>
      <object_component id="oc-c1">
         <name>.text</name>
         <load_address>0x111a6</load_address>
         <run_address>0x111a6</run_address>
         <size>0x6a</size>
         <input_file_ref idref="fl-2a"/>
      </object_component>
      <object_component id="oc-f7">
         <name>.text</name>
         <load_address>0x11210</load_address>
         <run_address>0x11210</run_address>
         <size>0x67</size>
         <input_file_ref idref="fl-37"/>
      </object_component>
      <object_component id="oc-d9">
         <name>.text</name>
         <load_address>0x11277</load_address>
         <run_address>0x11277</run_address>
         <size>0x5c</size>
         <input_file_ref idref="fl-2f"/>
      </object_component>
      <object_component id="oc-82">
         <name>.text</name>
         <load_address>0x112d3</load_address>
         <run_address>0x112d3</run_address>
         <size>0x5b</size>
         <input_file_ref idref="fl-1c"/>
      </object_component>
      <object_component id="oc-4d">
         <name>.text</name>
         <load_address>0x1132e</load_address>
         <run_address>0x1132e</run_address>
         <size>0x54</size>
         <input_file_ref idref="fl-11"/>
      </object_component>
      <object_component id="oc-9d">
         <name>.text</name>
         <load_address>0x11382</load_address>
         <run_address>0x11382</run_address>
         <size>0x50</size>
         <input_file_ref idref="fl-22"/>
      </object_component>
      <object_component id="oc-dd">
         <name>.text</name>
         <load_address>0x113d2</load_address>
         <run_address>0x113d2</run_address>
         <size>0x4d</size>
         <input_file_ref idref="fl-30"/>
      </object_component>
      <object_component id="oc-d5">
         <name>.text</name>
         <load_address>0x1141f</load_address>
         <run_address>0x1141f</run_address>
         <size>0x4b</size>
         <input_file_ref idref="fl-2e"/>
      </object_component>
      <object_component id="oc-125">
         <name>.text</name>
         <load_address>0x1146a</load_address>
         <run_address>0x1146a</run_address>
         <size>0x4b</size>
         <input_file_ref idref="fl-42"/>
      </object_component>
      <object_component id="oc-157">
         <name>.text</name>
         <load_address>0x114b5</load_address>
         <run_address>0x114b5</run_address>
         <size>0x48</size>
         <input_file_ref idref="fl-4e"/>
      </object_component>
      <object_component id="oc-11d">
         <name>.text</name>
         <load_address>0x114fd</load_address>
         <run_address>0x114fd</run_address>
         <size>0x3f</size>
         <input_file_ref idref="fl-40"/>
      </object_component>
      <object_component id="oc-73">
         <name>.text</name>
         <load_address>0x1153c</load_address>
         <run_address>0x1153c</run_address>
         <size>0x3e</size>
         <input_file_ref idref="fl-19"/>
      </object_component>
      <object_component id="oc-169">
         <name>.text</name>
         <load_address>0x1157a</load_address>
         <run_address>0x1157a</run_address>
         <size>0x3c</size>
         <input_file_ref idref="fl-52"/>
      </object_component>
      <object_component id="oc-11">
         <name>.text</name>
         <load_address>0x115b6</load_address>
         <run_address>0x115b6</run_address>
         <size>0x34</size>
         <input_file_ref idref="fl-16"/>
      </object_component>
      <object_component id="oc-ef">
         <name>.text</name>
         <load_address>0x115ea</load_address>
         <run_address>0x115ea</run_address>
         <size>0x2a</size>
         <input_file_ref idref="fl-35"/>
      </object_component>
      <object_component id="oc-b4">
         <name>.text</name>
         <load_address>0x11614</load_address>
         <run_address>0x11614</run_address>
         <size>0x2a</size>
         <input_file_ref idref="fl-27"/>
      </object_component>
      <object_component id="oc-119">
         <name>.text</name>
         <load_address>0x1163e</load_address>
         <run_address>0x1163e</run_address>
         <size>0x23</size>
         <input_file_ref idref="fl-3f"/>
      </object_component>
      <object_component id="oc-10d">
         <name>.text</name>
         <load_address>0x11661</load_address>
         <run_address>0x11661</run_address>
         <size>0x1a</size>
         <input_file_ref idref="fl-3c"/>
      </object_component>
      <object_component id="oc-147">
         <name>.text</name>
         <load_address>0x1167b</load_address>
         <run_address>0x1167b</run_address>
         <size>0x14</size>
         <input_file_ref idref="fl-4a"/>
      </object_component>
      <object_component id="oc-8b">
         <name>.text</name>
         <load_address>0x1168f</load_address>
         <run_address>0x1168f</run_address>
         <size>0x13</size>
         <input_file_ref idref="fl-1e"/>
      </object_component>
      <object_component id="oc-c5">
         <name>.text</name>
         <load_address>0x116a2</load_address>
         <run_address>0x116a2</run_address>
         <size>0x12</size>
         <input_file_ref idref="fl-2b"/>
      </object_component>
      <object_component id="oc-95">
         <name>.text</name>
         <load_address>0x116b4</load_address>
         <run_address>0x116b4</run_address>
         <size>0x11</size>
         <input_file_ref idref="fl-20"/>
      </object_component>
      <object_component id="oc-a5">
         <name>.text</name>
         <load_address>0x116c5</load_address>
         <run_address>0x116c5</run_address>
         <size>0x11</size>
         <input_file_ref idref="fl-24"/>
      </object_component>
      <object_component id="oc-121">
         <name>.text</name>
         <load_address>0x116d6</load_address>
         <run_address>0x116d6</run_address>
         <size>0x10</size>
         <input_file_ref idref="fl-41"/>
      </object_component>
      <object_component id="oc-178">
         <name>.text</name>
         <load_address>0x116e6</load_address>
         <run_address>0x116e6</run_address>
         <size>0xa</size>
         <input_file_ref idref="fl-55"/>
      </object_component>
      <object_component id="oc-77">
         <name>.text:CIO_breakpoint</name>
         <load_address>0x116f0</load_address>
         <run_address>0x116f0</run_address>
         <size>0x7</size>
         <input_file_ref idref="fl-19"/>
      </object_component>
      <object_component id="oc-bc">
         <name>.text</name>
         <load_address>0x116f7</load_address>
         <run_address>0x116f7</run_address>
         <size>0x2</size>
         <input_file_ref idref="fl-29"/>
      </object_component>
      <object_component id="oc-67">
         <name>.stack</name>
         <uninitialized>true</uninitialized>
         <run_address>0x116fc</run_address>
         <size>0x0</size>
         <input_file_ref idref="fl-16"/>
      </object_component>
      <object_component id="oc-19f">
         <name>.stack</name>
         <uninitialized>true</uninitialized>
         <run_address>0x116fc</run_address>
         <size>0x0</size>
      </object_component>
      <object_component id="oc-17c">
         <name>.sysstack</name>
         <uninitialized>true</uninitialized>
         <run_address>0x136fc</run_address>
         <size>0x0</size>
         <input_file_ref idref="fl-16"/>
      </object_component>
      <object_component id="oc-1a1">
         <name>.sysstack</name>
         <uninitialized>true</uninitialized>
         <run_address>0x136fc</run_address>
         <size>0x0</size>
      </object_component>
      <object_component id="oc-21">
         <name>.bss</name>
         <load_address>0x156fc</load_address>
         <run_address>0x156fc</run_address>
         <size>0x430</size>
         <input_file_ref idref="fl-4"/>
      </object_component>
      <object_component id="oc-6b">
         <name>.bss</name>
         <load_address>0x15b2c</load_address>
         <run_address>0x15b2c</run_address>
         <size>0x232</size>
         <input_file_ref idref="fl-17"/>
      </object_component>
      <object_component id="oc-29">
         <name>.bss</name>
         <load_address>0x15d5e</load_address>
         <run_address>0x15d5e</run_address>
         <size>0x1b2</size>
         <input_file_ref idref="fl-5"/>
      </object_component>
      <object_component id="oc-aa">
         <name>.bss</name>
         <load_address>0x15f10</load_address>
         <run_address>0x15f10</run_address>
         <size>0x1a0</size>
         <input_file_ref idref="fl-25"/>
      </object_component>
      <object_component id="oc-18">
         <name>.bss</name>
         <load_address>0x160b0</load_address>
         <run_address>0x160b0</run_address>
         <size>0x110</size>
         <input_file_ref idref="fl-3"/>
      </object_component>
      <object_component id="oc-39">
         <name>.bss</name>
         <load_address>0x161c0</load_address>
         <run_address>0x161c0</run_address>
         <size>0x108</size>
         <input_file_ref idref="fl-d"/>
      </object_component>
      <object_component id="oc-90">
         <name>.bss</name>
         <load_address>0x162c8</load_address>
         <run_address>0x162c8</run_address>
         <size>0xe2</size>
         <input_file_ref idref="fl-1f"/>
      </object_component>
      <object_component id="oc-32">
         <name>.bss</name>
         <load_address>0x163aa</load_address>
         <run_address>0x163aa</run_address>
         <size>0x54</size>
         <input_file_ref idref="fl-c"/>
      </object_component>
      <object_component id="oc-15b">
         <name>.bss</name>
         <load_address>0x163fe</load_address>
         <run_address>0x163fe</run_address>
         <size>0x2</size>
         <input_file_ref idref="fl-4f"/>
      </object_component>
      <object_component id="oc-16e">
         <name>.bss</name>
         <load_address>0x16400</load_address>
         <run_address>0x16400</run_address>
         <size>0xc</size>
         <input_file_ref idref="fl-53"/>
      </object_component>
      <object_component id="oc-c6">
         <name>.bss</name>
         <load_address>0x1640c</load_address>
         <run_address>0x1640c</run_address>
         <size>0x8</size>
         <input_file_ref idref="fl-2b"/>
      </object_component>
      <object_component id="oc-74">
         <name>.bss</name>
         <load_address>0x16414</load_address>
         <run_address>0x16414</run_address>
         <size>0x8</size>
         <input_file_ref idref="fl-19"/>
      </object_component>
      <object_component id="oc-43">
         <name>.bss</name>
         <load_address>0x1641c</load_address>
         <run_address>0x1641c</run_address>
         <size>0x6</size>
         <input_file_ref idref="fl-f"/>
      </object_component>
      <object_component id="oc-160">
         <name>.bss</name>
         <load_address>0x16422</load_address>
         <run_address>0x16422</run_address>
         <size>0x2</size>
         <input_file_ref idref="fl-50"/>
      </object_component>
      <object_component id="oc-53">
         <name>.bss</name>
         <load_address>0x16424</load_address>
         <run_address>0x16424</run_address>
         <size>0x4</size>
         <input_file_ref idref="fl-12"/>
      </object_component>
      <object_component id="oc-2b">
         <name>.cinit</name>
         <load_address>0x16428</load_address>
         <run_address>0x16428</run_address>
         <size>0x1d6</size>
         <input_file_ref idref="fl-5"/>
      </object_component>
      <object_component id="oc-92">
         <name>.cinit</name>
         <load_address>0x165fe</load_address>
         <run_address>0x165fe</run_address>
         <size>0x5a</size>
         <input_file_ref idref="fl-1f"/>
      </object_component>
      <object_component id="oc-6d">
         <name>.cinit</name>
         <load_address>0x16658</load_address>
         <run_address>0x16658</run_address>
         <size>0x54</size>
         <input_file_ref idref="fl-17"/>
      </object_component>
      <object_component id="oc-23">
         <name>.cinit</name>
         <load_address>0x166ac</load_address>
         <run_address>0x166ac</run_address>
         <size>0x2c</size>
         <input_file_ref idref="fl-4"/>
      </object_component>
      <object_component id="oc-c8">
         <name>.cinit</name>
         <load_address>0x166d8</load_address>
         <run_address>0x166d8</run_address>
         <size>0x14</size>
         <input_file_ref idref="fl-2b"/>
      </object_component>
      <object_component id="oc-76">
         <name>.cinit</name>
         <load_address>0x166ec</load_address>
         <run_address>0x166ec</run_address>
         <size>0x14</size>
         <input_file_ref idref="fl-19"/>
      </object_component>
      <object_component id="oc-34">
         <name>.cinit</name>
         <load_address>0x16700</load_address>
         <run_address>0x16700</run_address>
         <size>0x10</size>
         <input_file_ref idref="fl-c"/>
      </object_component>
      <object_component id="oc-1a">
         <name>.cinit</name>
         <load_address>0x16710</load_address>
         <run_address>0x16710</run_address>
         <size>0x10</size>
         <input_file_ref idref="fl-3"/>
      </object_component>
      <object_component id="oc-55">
         <name>.cinit</name>
         <load_address>0x16720</load_address>
         <run_address>0x16720</run_address>
         <size>0xa</size>
         <input_file_ref idref="fl-12"/>
      </object_component>
      <object_component id="oc-15d">
         <name>.cinit</name>
         <load_address>0x1672a</load_address>
         <run_address>0x1672a</run_address>
         <size>0x8</size>
         <input_file_ref idref="fl-4f"/>
      </object_component>
      <object_component id="oc-162">
         <name>.cinit</name>
         <load_address>0x16732</load_address>
         <run_address>0x16732</run_address>
         <size>0x8</size>
         <input_file_ref idref="fl-50"/>
      </object_component>
      <object_component id="oc-170">
         <name>.cinit</name>
         <load_address>0x1673a</load_address>
         <run_address>0x1673a</run_address>
         <size>0x8</size>
         <input_file_ref idref="fl-53"/>
      </object_component>
      <object_component id="oc-24">
         <name>.const:.string</name>
         <load_address>0x57d4</load_address>
         <run_address>0x57d4</run_address>
         <size>0x43c</size>
         <input_file_ref idref="fl-4"/>
      </object_component>
      <object_component id="oc-17d">
         <name>.const:_arPN9</name>
         <load_address>0x5c10</load_address>
         <run_address>0x5c10</run_address>
         <size>0x400</size>
         <input_file_ref idref="fl-5"/>
      </object_component>
      <object_component id="oc-2d">
         <name>.const:.string</name>
         <load_address>0x6010</load_address>
         <run_address>0x6010</run_address>
         <size>0x280</size>
         <input_file_ref idref="fl-5"/>
      </object_component>
      <object_component id="oc-17f">
         <name>.const:__ctypes_</name>
         <load_address>0x6290</load_address>
         <run_address>0x6290</run_address>
         <size>0x202</size>
         <input_file_ref idref="fl-32"/>
      </object_component>
      <object_component id="oc-1c">
         <name>.const:.string</name>
         <load_address>0x6494</load_address>
         <run_address>0x6494</run_address>
         <size>0x98</size>
         <input_file_ref idref="fl-3"/>
      </object_component>
      <object_component id="oc-ce">
         <name>.const:.string</name>
         <load_address>0x652c</load_address>
         <run_address>0x652c</run_address>
         <size>0x48</size>
         <input_file_ref idref="fl-2c"/>
      </object_component>
      <object_component id="oc-183">
         <name>.const:_digits</name>
         <load_address>0x6574</load_address>
         <run_address>0x6574</run_address>
         <size>0x28</size>
         <input_file_ref idref="fl-44"/>
      </object_component>
      <object_component id="oc-185">
         <name>.const:_digits</name>
         <load_address>0x659c</load_address>
         <run_address>0x659c</run_address>
         <size>0x28</size>
         <input_file_ref idref="fl-46"/>
      </object_component>
      <object_component id="oc-184">
         <name>.const:_powerof10</name>
         <load_address>0x65c4</load_address>
         <run_address>0x65c4</run_address>
         <size>0x18</size>
         <input_file_ref idref="fl-44"/>
      </object_component>
      <object_component id="oc-186">
         <name>.const:_powerof10</name>
         <load_address>0x65dc</load_address>
         <run_address>0x65dc</run_address>
         <size>0x18</size>
         <input_file_ref idref="fl-46"/>
      </object_component>
      <object_component id="oc-cd">
         <name>.const</name>
         <load_address>0x65f4</load_address>
         <run_address>0x65f4</run_address>
         <size>0x18</size>
         <input_file_ref idref="fl-2c"/>
      </object_component>
      <object_component id="oc-182">
         <name>.const:_initial_approx$1</name>
         <load_address>0x660c</load_address>
         <run_address>0x660c</run_address>
         <size>0x10</size>
         <input_file_ref idref="fl-33"/>
      </object_component>
      <object_component id="oc-12f">
         <name>.const</name>
         <load_address>0x661c</load_address>
         <run_address>0x661c</run_address>
         <size>0x10</size>
         <input_file_ref idref="fl-44"/>
      </object_component>
      <object_component id="oc-138">
         <name>.const</name>
         <load_address>0x662c</load_address>
         <run_address>0x662c</run_address>
         <size>0x10</size>
         <input_file_ref idref="fl-46"/>
      </object_component>
      <object_component id="oc-180">
         <name>.const:_flit$1</name>
         <load_address>0x663c</load_address>
         <run_address>0x663c</run_address>
         <size>0xe</size>
         <input_file_ref idref="fl-2d"/>
      </object_component>
      <object_component id="oc-181">
         <name>.const:_barr$2</name>
         <load_address>0x664a</load_address>
         <run_address>0x664a</run_address>
         <size>0xc</size>
         <input_file_ref idref="fl-2d"/>
      </object_component>
      <object_component id="oc-102">
         <name>.const:.string</name>
         <load_address>0x6658</load_address>
         <run_address>0x6658</run_address>
         <size>0x4</size>
         <input_file_ref idref="fl-39"/>
      </object_component>
      <object_component id="oc-f9">
         <name>.const</name>
         <load_address>0x665c</load_address>
         <run_address>0x665c</run_address>
         <size>0x4</size>
         <input_file_ref idref="fl-37"/>
      </object_component>
      <object_component id="oc-84">
         <name>.const</name>
         <load_address>0x6660</load_address>
         <run_address>0x6660</run_address>
         <size>0x4</size>
         <input_file_ref idref="fl-1c"/>
      </object_component>
      <object_component id="oc-17e">
         <name>.switch:_SYS_setEBSR</name>
         <load_address>0x68a8</load_address>
         <run_address>0x68a8</run_address>
         <size>0x24</size>
         <input_file_ref idref="fl-f"/>
      </object_component>
      <object_component id="oc-171">
         <name>.sysmem</name>
         <uninitialized>true</uninitialized>
         <run_address>0x400</run_address>
         <size>0x0</size>
         <input_file_ref idref="fl-53"/>
      </object_component>
      <object_component id="oc-1a0">
         <name>.sysmem</name>
         <uninitialized>true</uninitialized>
         <run_address>0x400</run_address>
         <size>0x0</size>
      </object_component>
      <object_component id="oc-b0">
         <name>.cio</name>
         <uninitialized>true</uninitialized>
         <run_address>0x6668</run_address>
         <size>0x240</size>
         <input_file_ref idref="fl-26"/>
      </object_component>
      <object_component id="oc-2c">
         <name>.buffer3</name>
         <uninitialized>true</uninitialized>
         <run_address>0x4380</run_address>
         <size>0x1454</size>
         <input_file_ref idref="fl-5"/>
      </object_component>
      <object_component id="oc-13">
         <name>.debug_info</name>
         <load_address>0x0</load_address>
         <run_address>0x0</run_address>
         <size>0xd63</size>
         <input_file_ref idref="fl-2"/>
      </object_component>
      <object_component id="oc-19">
         <name>.debug_info</name>
         <load_address>0xd63</load_address>
         <run_address>0xd63</run_address>
         <size>0x1616</size>
         <input_file_ref idref="fl-3"/>
      </object_component>
      <object_component id="oc-22">
         <name>.debug_info</name>
         <load_address>0x2379</load_address>
         <run_address>0x2379</run_address>
         <size>0x1f5b</size>
         <input_file_ref idref="fl-4"/>
      </object_component>
      <object_component id="oc-2a">
         <name>.debug_info</name>
         <load_address>0x42d4</load_address>
         <run_address>0x42d4</run_address>
         <size>0x10a4</size>
         <input_file_ref idref="fl-5"/>
      </object_component>
      <object_component id="oc-33">
         <name>.debug_info</name>
         <load_address>0x5378</load_address>
         <run_address>0x5378</run_address>
         <size>0x2488</size>
         <input_file_ref idref="fl-c"/>
      </object_component>
      <object_component id="oc-3a">
         <name>.debug_info</name>
         <load_address>0x7800</load_address>
         <run_address>0x7800</run_address>
         <size>0x1bca</size>
         <input_file_ref idref="fl-d"/>
      </object_component>
      <object_component id="oc-3f">
         <name>.debug_info</name>
         <load_address>0x93ca</load_address>
         <run_address>0x93ca</run_address>
         <size>0x18d</size>
         <input_file_ref idref="fl-e"/>
      </object_component>
      <object_component id="oc-44">
         <name>.debug_info</name>
         <load_address>0x9557</load_address>
         <run_address>0x9557</run_address>
         <size>0x11ed</size>
         <input_file_ref idref="fl-f"/>
      </object_component>
      <object_component id="oc-49">
         <name>.debug_info</name>
         <load_address>0xa744</load_address>
         <run_address>0xa744</run_address>
         <size>0x39c4</size>
         <input_file_ref idref="fl-10"/>
      </object_component>
      <object_component id="oc-4e">
         <name>.debug_info</name>
         <load_address>0xe108</load_address>
         <run_address>0xe108</run_address>
         <size>0x807</size>
         <input_file_ref idref="fl-11"/>
      </object_component>
      <object_component id="oc-54">
         <name>.debug_info</name>
         <load_address>0xe90f</load_address>
         <run_address>0xe90f</run_address>
         <size>0xdae</size>
         <input_file_ref idref="fl-12"/>
      </object_component>
      <object_component id="oc-5a">
         <name>.debug_info</name>
         <load_address>0xf6bd</load_address>
         <run_address>0xf6bd</run_address>
         <size>0xd4e</size>
         <input_file_ref idref="fl-13"/>
      </object_component>
      <object_component id="oc-60">
         <name>.debug_info</name>
         <load_address>0x1040b</load_address>
         <run_address>0x1040b</run_address>
         <size>0x1a2</size>
         <input_file_ref idref="fl-14"/>
      </object_component>
      <object_component id="oc-64">
         <name>.debug_info</name>
         <load_address>0x105ad</load_address>
         <run_address>0x105ad</run_address>
         <size>0x152</size>
         <input_file_ref idref="fl-15"/>
      </object_component>
      <object_component id="oc-68">
         <name>.debug_info</name>
         <load_address>0x106ff</load_address>
         <run_address>0x106ff</run_address>
         <size>0xe8</size>
         <input_file_ref idref="fl-16"/>
      </object_component>
      <object_component id="oc-6c">
         <name>.debug_info</name>
         <load_address>0x107e7</load_address>
         <run_address>0x107e7</run_address>
         <size>0x57e</size>
         <input_file_ref idref="fl-17"/>
      </object_component>
      <object_component id="oc-70">
         <name>.debug_info</name>
         <load_address>0x10d65</load_address>
         <run_address>0x10d65</run_address>
         <size>0x534</size>
         <input_file_ref idref="fl-18"/>
      </object_component>
      <object_component id="oc-75">
         <name>.debug_info</name>
         <load_address>0x11299</load_address>
         <run_address>0x11299</run_address>
         <size>0x5fb</size>
         <input_file_ref idref="fl-19"/>
      </object_component>
      <object_component id="oc-7b">
         <name>.debug_info</name>
         <load_address>0x11894</load_address>
         <run_address>0x11894</run_address>
         <size>0x706</size>
         <input_file_ref idref="fl-1a"/>
      </object_component>
      <object_component id="oc-7f">
         <name>.debug_info</name>
         <load_address>0x11f9a</load_address>
         <run_address>0x11f9a</run_address>
         <size>0x534</size>
         <input_file_ref idref="fl-1b"/>
      </object_component>
      <object_component id="oc-83">
         <name>.debug_info</name>
         <load_address>0x124ce</load_address>
         <run_address>0x124ce</run_address>
         <size>0x549</size>
         <input_file_ref idref="fl-1c"/>
      </object_component>
      <object_component id="oc-88">
         <name>.debug_info</name>
         <load_address>0x12a17</load_address>
         <run_address>0x12a17</run_address>
         <size>0xa2d</size>
         <input_file_ref idref="fl-1d"/>
      </object_component>
      <object_component id="oc-8c">
         <name>.debug_info</name>
         <load_address>0x13444</load_address>
         <run_address>0x13444</run_address>
         <size>0xbd</size>
         <input_file_ref idref="fl-1e"/>
      </object_component>
      <object_component id="oc-91">
         <name>.debug_info</name>
         <load_address>0x13501</load_address>
         <run_address>0x13501</run_address>
         <size>0x144b</size>
         <input_file_ref idref="fl-1f"/>
      </object_component>
      <object_component id="oc-96">
         <name>.debug_info</name>
         <load_address>0x1494c</load_address>
         <run_address>0x1494c</run_address>
         <size>0x59d</size>
         <input_file_ref idref="fl-20"/>
      </object_component>
      <object_component id="oc-9a">
         <name>.debug_info</name>
         <load_address>0x14ee9</load_address>
         <run_address>0x14ee9</run_address>
         <size>0x55b</size>
         <input_file_ref idref="fl-21"/>
      </object_component>
      <object_component id="oc-9e">
         <name>.debug_info</name>
         <load_address>0x15444</load_address>
         <run_address>0x15444</run_address>
         <size>0x76c</size>
         <input_file_ref idref="fl-22"/>
      </object_component>
      <object_component id="oc-a2">
         <name>.debug_info</name>
         <load_address>0x15bb0</load_address>
         <run_address>0x15bb0</run_address>
         <size>0x534</size>
         <input_file_ref idref="fl-23"/>
      </object_component>
      <object_component id="oc-a6">
         <name>.debug_info</name>
         <load_address>0x160e4</load_address>
         <run_address>0x160e4</run_address>
         <size>0x589</size>
         <input_file_ref idref="fl-24"/>
      </object_component>
      <object_component id="oc-ab">
         <name>.debug_info</name>
         <load_address>0x1666d</load_address>
         <run_address>0x1666d</run_address>
         <size>0xed4</size>
         <input_file_ref idref="fl-25"/>
      </object_component>
      <object_component id="oc-af">
         <name>.debug_info</name>
         <load_address>0x17541</load_address>
         <run_address>0x17541</run_address>
         <size>0x744</size>
         <input_file_ref idref="fl-26"/>
      </object_component>
      <object_component id="oc-b5">
         <name>.debug_info</name>
         <load_address>0x17c85</load_address>
         <run_address>0x17c85</run_address>
         <size>0xef</size>
         <input_file_ref idref="fl-27"/>
      </object_component>
      <object_component id="oc-b9">
         <name>.debug_info</name>
         <load_address>0x17d74</load_address>
         <run_address>0x17d74</run_address>
         <size>0x5c9</size>
         <input_file_ref idref="fl-28"/>
      </object_component>
      <object_component id="oc-be">
         <name>.debug_info</name>
         <load_address>0x1833d</load_address>
         <run_address>0x1833d</run_address>
         <size>0xbc</size>
         <input_file_ref idref="fl-29"/>
      </object_component>
      <object_component id="oc-c2">
         <name>.debug_info</name>
         <load_address>0x183f9</load_address>
         <run_address>0x183f9</run_address>
         <size>0x6dc</size>
         <input_file_ref idref="fl-2a"/>
      </object_component>
      <object_component id="oc-c7">
         <name>.debug_info</name>
         <load_address>0x18ad5</load_address>
         <run_address>0x18ad5</run_address>
         <size>0x5bc</size>
         <input_file_ref idref="fl-2b"/>
      </object_component>
      <object_component id="oc-cc">
         <name>.debug_info</name>
         <load_address>0x19091</load_address>
         <run_address>0x19091</run_address>
         <size>0x27bd</size>
         <input_file_ref idref="fl-2c"/>
      </object_component>
      <object_component id="oc-d2">
         <name>.debug_info</name>
         <load_address>0x1b84e</load_address>
         <run_address>0x1b84e</run_address>
         <size>0x1964</size>
         <input_file_ref idref="fl-2d"/>
      </object_component>
      <object_component id="oc-d6">
         <name>.debug_info</name>
         <load_address>0x1d1b2</load_address>
         <run_address>0x1d1b2</run_address>
         <size>0x586</size>
         <input_file_ref idref="fl-2e"/>
      </object_component>
      <object_component id="oc-da">
         <name>.debug_info</name>
         <load_address>0x1d738</load_address>
         <run_address>0x1d738</run_address>
         <size>0x5a4</size>
         <input_file_ref idref="fl-2f"/>
      </object_component>
      <object_component id="oc-de">
         <name>.debug_info</name>
         <load_address>0x1dcdc</load_address>
         <run_address>0x1dcdc</run_address>
         <size>0xcd</size>
         <input_file_ref idref="fl-30"/>
      </object_component>
      <object_component id="oc-e2">
         <name>.debug_info</name>
         <load_address>0x1dda9</load_address>
         <run_address>0x1dda9</run_address>
         <size>0x81f</size>
         <input_file_ref idref="fl-31"/>
      </object_component>
      <object_component id="oc-e5">
         <name>.debug_info</name>
         <load_address>0x1e5c8</load_address>
         <run_address>0x1e5c8</run_address>
         <size>0x498</size>
         <input_file_ref idref="fl-32"/>
      </object_component>
      <object_component id="oc-e8">
         <name>.debug_info</name>
         <load_address>0x1ea60</load_address>
         <run_address>0x1ea60</run_address>
         <size>0x7e8</size>
         <input_file_ref idref="fl-33"/>
      </object_component>
      <object_component id="oc-ec">
         <name>.debug_info</name>
         <load_address>0x1f248</load_address>
         <run_address>0x1f248</run_address>
         <size>0x670</size>
         <input_file_ref idref="fl-34"/>
      </object_component>
      <object_component id="oc-f0">
         <name>.debug_info</name>
         <load_address>0x1f8b8</load_address>
         <run_address>0x1f8b8</run_address>
         <size>0x4cf</size>
         <input_file_ref idref="fl-35"/>
      </object_component>
      <object_component id="oc-f4">
         <name>.debug_info</name>
         <load_address>0x1fd87</load_address>
         <run_address>0x1fd87</run_address>
         <size>0x534</size>
         <input_file_ref idref="fl-36"/>
      </object_component>
      <object_component id="oc-f8">
         <name>.debug_info</name>
         <load_address>0x202bb</load_address>
         <run_address>0x202bb</run_address>
         <size>0x549</size>
         <input_file_ref idref="fl-37"/>
      </object_component>
      <object_component id="oc-fd">
         <name>.debug_info</name>
         <load_address>0x20804</load_address>
         <run_address>0x20804</run_address>
         <size>0x6aa</size>
         <input_file_ref idref="fl-38"/>
      </object_component>
      <object_component id="oc-101">
         <name>.debug_info</name>
         <load_address>0x20eae</load_address>
         <run_address>0x20eae</run_address>
         <size>0x942</size>
         <input_file_ref idref="fl-39"/>
      </object_component>
      <object_component id="oc-106">
         <name>.debug_info</name>
         <load_address>0x217f0</load_address>
         <run_address>0x217f0</run_address>
         <size>0x4d2</size>
         <input_file_ref idref="fl-3a"/>
      </object_component>
      <object_component id="oc-10a">
         <name>.debug_info</name>
         <load_address>0x21cc2</load_address>
         <run_address>0x21cc2</run_address>
         <size>0x53e</size>
         <input_file_ref idref="fl-3b"/>
      </object_component>
      <object_component id="oc-10e">
         <name>.debug_info</name>
         <load_address>0x22200</load_address>
         <run_address>0x22200</run_address>
         <size>0x680</size>
         <input_file_ref idref="fl-3c"/>
      </object_component>
      <object_component id="oc-112">
         <name>.debug_info</name>
         <load_address>0x22880</load_address>
         <run_address>0x22880</run_address>
         <size>0x7d4</size>
         <input_file_ref idref="fl-3d"/>
      </object_component>
      <object_component id="oc-116">
         <name>.debug_info</name>
         <load_address>0x23054</load_address>
         <run_address>0x23054</run_address>
         <size>0x5ad</size>
         <input_file_ref idref="fl-3e"/>
      </object_component>
      <object_component id="oc-11a">
         <name>.debug_info</name>
         <load_address>0x23601</load_address>
         <run_address>0x23601</run_address>
         <size>0x574</size>
         <input_file_ref idref="fl-3f"/>
      </object_component>
      <object_component id="oc-11e">
         <name>.debug_info</name>
         <load_address>0x23b75</load_address>
         <run_address>0x23b75</run_address>
         <size>0xd1</size>
         <input_file_ref idref="fl-40"/>
      </object_component>
      <object_component id="oc-122">
         <name>.debug_info</name>
         <load_address>0x23c46</load_address>
         <run_address>0x23c46</run_address>
         <size>0x4b7</size>
         <input_file_ref idref="fl-41"/>
      </object_component>
      <object_component id="oc-126">
         <name>.debug_info</name>
         <load_address>0x240fd</load_address>
         <run_address>0x240fd</run_address>
         <size>0x4f2</size>
         <input_file_ref idref="fl-42"/>
      </object_component>
      <object_component id="oc-12a">
         <name>.debug_info</name>
         <load_address>0x245ef</load_address>
         <run_address>0x245ef</run_address>
         <size>0x64a</size>
         <input_file_ref idref="fl-43"/>
      </object_component>
      <object_component id="oc-12e">
         <name>.debug_info</name>
         <load_address>0x24c39</load_address>
         <run_address>0x24c39</run_address>
         <size>0x84f</size>
         <input_file_ref idref="fl-44"/>
      </object_component>
      <object_component id="oc-133">
         <name>.debug_info</name>
         <load_address>0x25488</load_address>
         <run_address>0x25488</run_address>
         <size>0x671</size>
         <input_file_ref idref="fl-45"/>
      </object_component>
      <object_component id="oc-137">
         <name>.debug_info</name>
         <load_address>0x25af9</load_address>
         <run_address>0x25af9</run_address>
         <size>0x860</size>
         <input_file_ref idref="fl-46"/>
      </object_component>
      <object_component id="oc-13c">
         <name>.debug_info</name>
         <load_address>0x26359</load_address>
         <run_address>0x26359</run_address>
         <size>0x67d</size>
         <input_file_ref idref="fl-47"/>
      </object_component>
      <object_component id="oc-140">
         <name>.debug_info</name>
         <load_address>0x269d6</load_address>
         <run_address>0x269d6</run_address>
         <size>0x65a</size>
         <input_file_ref idref="fl-48"/>
      </object_component>
      <object_component id="oc-144">
         <name>.debug_info</name>
         <load_address>0x27030</load_address>
         <run_address>0x27030</run_address>
         <size>0x665</size>
         <input_file_ref idref="fl-49"/>
      </object_component>
      <object_component id="oc-148">
         <name>.debug_info</name>
         <load_address>0x27695</load_address>
         <run_address>0x27695</run_address>
         <size>0x4de</size>
         <input_file_ref idref="fl-4a"/>
      </object_component>
      <object_component id="oc-14c">
         <name>.debug_info</name>
         <load_address>0x27b73</load_address>
         <run_address>0x27b73</run_address>
         <size>0x6b8</size>
         <input_file_ref idref="fl-4b"/>
      </object_component>
      <object_component id="oc-150">
         <name>.debug_info</name>
         <load_address>0x2822b</load_address>
         <run_address>0x2822b</run_address>
         <size>0x662</size>
         <input_file_ref idref="fl-4c"/>
      </object_component>
      <object_component id="oc-154">
         <name>.debug_info</name>
         <load_address>0x2888d</load_address>
         <run_address>0x2888d</run_address>
         <size>0x5ab</size>
         <input_file_ref idref="fl-4d"/>
      </object_component>
      <object_component id="oc-158">
         <name>.debug_info</name>
         <load_address>0x28e38</load_address>
         <run_address>0x28e38</run_address>
         <size>0x4f2</size>
         <input_file_ref idref="fl-4e"/>
      </object_component>
      <object_component id="oc-15c">
         <name>.debug_info</name>
         <load_address>0x2932a</load_address>
         <run_address>0x2932a</run_address>
         <size>0x47b</size>
         <input_file_ref idref="fl-4f"/>
      </object_component>
      <object_component id="oc-161">
         <name>.debug_info</name>
         <load_address>0x297a5</load_address>
         <run_address>0x297a5</run_address>
         <size>0xa1c</size>
         <input_file_ref idref="fl-50"/>
      </object_component>
      <object_component id="oc-166">
         <name>.debug_info</name>
         <load_address>0x2a1c1</load_address>
         <run_address>0x2a1c1</run_address>
         <size>0x5f7</size>
         <input_file_ref idref="fl-51"/>
      </object_component>
      <object_component id="oc-16a">
         <name>.debug_info</name>
         <load_address>0x2a7b8</load_address>
         <run_address>0x2a7b8</run_address>
         <size>0xeb</size>
         <input_file_ref idref="fl-52"/>
      </object_component>
      <object_component id="oc-16f">
         <name>.debug_info</name>
         <load_address>0x2a8a3</load_address>
         <run_address>0x2a8a3</run_address>
         <size>0xb97</size>
         <input_file_ref idref="fl-53"/>
      </object_component>
      <object_component id="oc-175">
         <name>.debug_info</name>
         <load_address>0x2b43a</load_address>
         <run_address>0x2b43a</run_address>
         <size>0x64f</size>
         <input_file_ref idref="fl-54"/>
      </object_component>
      <object_component id="oc-179">
         <name>.debug_info</name>
         <load_address>0x2ba89</load_address>
         <run_address>0x2ba89</run_address>
         <size>0x510</size>
         <input_file_ref idref="fl-55"/>
      </object_component>
      <object_component id="oc-1a3">
         <name>.debug_info</name>
         <load_address>0x2bf99</load_address>
         <run_address>0x2bf99</run_address>
         <size>0x6e</size>
      </object_component>
      <object_component id="oc-14">
         <name>.debug_frame</name>
         <load_address>0x0</load_address>
         <run_address>0x0</run_address>
         <size>0x11f</size>
         <input_file_ref idref="fl-2"/>
      </object_component>
      <object_component id="oc-1d">
         <name>.debug_frame</name>
         <load_address>0x11f</load_address>
         <run_address>0x11f</run_address>
         <size>0x13e</size>
         <input_file_ref idref="fl-3"/>
      </object_component>
      <object_component id="oc-25">
         <name>.debug_frame</name>
         <load_address>0x25d</load_address>
         <run_address>0x25d</run_address>
         <size>0x173</size>
         <input_file_ref idref="fl-4"/>
      </object_component>
      <object_component id="oc-2e">
         <name>.debug_frame</name>
         <load_address>0x3d0</load_address>
         <run_address>0x3d0</run_address>
         <size>0x104</size>
         <input_file_ref idref="fl-5"/>
      </object_component>
      <object_component id="oc-35">
         <name>.debug_frame</name>
         <load_address>0x4d4</load_address>
         <run_address>0x4d4</run_address>
         <size>0x196</size>
         <input_file_ref idref="fl-c"/>
      </object_component>
      <object_component id="oc-3b">
         <name>.debug_frame</name>
         <load_address>0x66a</load_address>
         <run_address>0x66a</run_address>
         <size>0x2a1</size>
         <input_file_ref idref="fl-d"/>
      </object_component>
      <object_component id="oc-45">
         <name>.debug_frame</name>
         <load_address>0x90b</load_address>
         <run_address>0x90b</run_address>
         <size>0x11f</size>
         <input_file_ref idref="fl-f"/>
      </object_component>
      <object_component id="oc-4a">
         <name>.debug_frame</name>
         <load_address>0xa2a</load_address>
         <run_address>0xa2a</run_address>
         <size>0x30e</size>
         <input_file_ref idref="fl-10"/>
      </object_component>
      <object_component id="oc-4f">
         <name>.debug_frame</name>
         <load_address>0xd38</load_address>
         <run_address>0xd38</run_address>
         <size>0x116</size>
         <input_file_ref idref="fl-11"/>
      </object_component>
      <object_component id="oc-56">
         <name>.debug_frame</name>
         <load_address>0xe4e</load_address>
         <run_address>0xe4e</run_address>
         <size>0x14a</size>
         <input_file_ref idref="fl-12"/>
      </object_component>
      <object_component id="oc-5b">
         <name>.debug_frame</name>
         <load_address>0xf98</load_address>
         <run_address>0xf98</run_address>
         <size>0x157</size>
         <input_file_ref idref="fl-13"/>
      </object_component>
      <object_component id="oc-15">
         <name>.debug_line</name>
         <load_address>0x0</load_address>
         <run_address>0x0</run_address>
         <size>0xc7</size>
         <input_file_ref idref="fl-2"/>
      </object_component>
      <object_component id="oc-1e">
         <name>.debug_line</name>
         <load_address>0xc7</load_address>
         <run_address>0xc7</run_address>
         <size>0xb2</size>
         <input_file_ref idref="fl-3"/>
      </object_component>
      <object_component id="oc-26">
         <name>.debug_line</name>
         <load_address>0x179</load_address>
         <run_address>0x179</run_address>
         <size>0x1d3</size>
         <input_file_ref idref="fl-4"/>
      </object_component>
      <object_component id="oc-2f">
         <name>.debug_line</name>
         <load_address>0x34c</load_address>
         <run_address>0x34c</run_address>
         <size>0x277</size>
         <input_file_ref idref="fl-5"/>
      </object_component>
      <object_component id="oc-36">
         <name>.debug_line</name>
         <load_address>0x5c3</load_address>
         <run_address>0x5c3</run_address>
         <size>0x448</size>
         <input_file_ref idref="fl-c"/>
      </object_component>
      <object_component id="oc-3c">
         <name>.debug_line</name>
         <load_address>0xa0b</load_address>
         <run_address>0xa0b</run_address>
         <size>0x2fd</size>
         <input_file_ref idref="fl-d"/>
      </object_component>
      <object_component id="oc-40">
         <name>.debug_line</name>
         <load_address>0xd08</load_address>
         <run_address>0xd08</run_address>
         <size>0xab</size>
         <input_file_ref idref="fl-e"/>
      </object_component>
      <object_component id="oc-46">
         <name>.debug_line</name>
         <load_address>0xdb3</load_address>
         <run_address>0xdb3</run_address>
         <size>0x1c4</size>
         <input_file_ref idref="fl-f"/>
      </object_component>
      <object_component id="oc-4b">
         <name>.debug_line</name>
         <load_address>0xf77</load_address>
         <run_address>0xf77</run_address>
         <size>0x7fb</size>
         <input_file_ref idref="fl-10"/>
      </object_component>
      <object_component id="oc-50">
         <name>.debug_line</name>
         <load_address>0x1772</load_address>
         <run_address>0x1772</run_address>
         <size>0xad</size>
         <input_file_ref idref="fl-11"/>
      </object_component>
      <object_component id="oc-57">
         <name>.debug_line</name>
         <load_address>0x181f</load_address>
         <run_address>0x181f</run_address>
         <size>0x147</size>
         <input_file_ref idref="fl-12"/>
      </object_component>
      <object_component id="oc-5c">
         <name>.debug_line</name>
         <load_address>0x1966</load_address>
         <run_address>0x1966</run_address>
         <size>0x114</size>
         <input_file_ref idref="fl-13"/>
      </object_component>
      <object_component id="oc-61">
         <name>.debug_line</name>
         <load_address>0x1a7a</load_address>
         <run_address>0x1a7a</run_address>
         <size>0xa7</size>
         <input_file_ref idref="fl-14"/>
      </object_component>
      <object_component id="oc-65">
         <name>.debug_line</name>
         <load_address>0x1b21</load_address>
         <run_address>0x1b21</run_address>
         <size>0x93</size>
         <input_file_ref idref="fl-15"/>
      </object_component>
      <object_component id="oc-69">
         <name>.debug_line</name>
         <load_address>0x1bb4</load_address>
         <run_address>0x1bb4</run_address>
         <size>0x54</size>
         <input_file_ref idref="fl-16"/>
      </object_component>
      <object_component id="oc-71">
         <name>.debug_line</name>
         <load_address>0x1c08</load_address>
         <run_address>0x1c08</run_address>
         <size>0x44</size>
         <input_file_ref idref="fl-18"/>
      </object_component>
      <object_component id="oc-78">
         <name>.debug_line</name>
         <load_address>0x1c4c</load_address>
         <run_address>0x1c4c</run_address>
         <size>0x51</size>
         <input_file_ref idref="fl-19"/>
      </object_component>
      <object_component id="oc-7c">
         <name>.debug_line</name>
         <load_address>0x1c9d</load_address>
         <run_address>0x1c9d</run_address>
         <size>0x5b</size>
         <input_file_ref idref="fl-1a"/>
      </object_component>
      <object_component id="oc-80">
         <name>.debug_line</name>
         <load_address>0x1cf8</load_address>
         <run_address>0x1cf8</run_address>
         <size>0x3d</size>
         <input_file_ref idref="fl-1b"/>
      </object_component>
      <object_component id="oc-85">
         <name>.debug_line</name>
         <load_address>0x1d35</load_address>
         <run_address>0x1d35</run_address>
         <size>0x44</size>
         <input_file_ref idref="fl-1c"/>
      </object_component>
      <object_component id="oc-89">
         <name>.debug_line</name>
         <load_address>0x1d79</load_address>
         <run_address>0x1d79</run_address>
         <size>0xa7</size>
         <input_file_ref idref="fl-1d"/>
      </object_component>
      <object_component id="oc-8d">
         <name>.debug_line</name>
         <load_address>0x1e20</load_address>
         <run_address>0x1e20</run_address>
         <size>0x3c</size>
         <input_file_ref idref="fl-1e"/>
      </object_component>
      <object_component id="oc-93">
         <name>.debug_line</name>
         <load_address>0x1e5c</load_address>
         <run_address>0x1e5c</run_address>
         <size>0x1b0</size>
         <input_file_ref idref="fl-1f"/>
      </object_component>
      <object_component id="oc-97">
         <name>.debug_line</name>
         <load_address>0x200c</load_address>
         <run_address>0x200c</run_address>
         <size>0x52</size>
         <input_file_ref idref="fl-20"/>
      </object_component>
      <object_component id="oc-9b">
         <name>.debug_line</name>
         <load_address>0x205e</load_address>
         <run_address>0x205e</run_address>
         <size>0x3c</size>
         <input_file_ref idref="fl-21"/>
      </object_component>
      <object_component id="oc-9f">
         <name>.debug_line</name>
         <load_address>0x209a</load_address>
[...]
      <symbol id="sm-43d">
         <name>__stack</name>
         <value>0x116fc</value>
         <object_component_ref idref="oc-67"/>
      </symbol>
      <symbol id="sm-447">
         <name>__tmpnams</name>
         <value>0x15c1c</value>
         <object_component_ref idref="oc-6b"/>
      </symbol>
      <symbol id="sm-448">
         <name>__ft_end</name>
         <value>0x15d5c</value>
         <object_component_ref idref="oc-6b"/>
      </symbol>
      <symbol id="sm-449">
         <name>__ftable</name>
         <value>0x15b2c</value>
         <object_component_ref idref="oc-6b"/>
      </symbol>
      <symbol id="sm-454">
         <name>__divul</name>
         <value>0x10a4b</value>
         <object_component_ref idref="oc-6f"/>
      </symbol>
      <symbol id="sm-464">
         <name>C$$EXIT</name>
         <value>0x116f1</value>
         <object_component_ref idref="oc-77"/>
      </symbol>
      <symbol id="sm-465">
         <name>_exit</name>
         <value>0x1153c</value>
         <object_component_ref idref="oc-73"/>
      </symbol>
      <symbol id="sm-466">
         <name>_abort</name>
         <value>0x116f0</value>
         <object_component_ref idref="oc-77"/>
      </symbol>
      <symbol id="sm-467">
         <name>__cleanup_ptr</name>
         <value>0x16414</value>
         <object_component_ref idref="oc-74"/>
      </symbol>
      <symbol id="sm-468">
         <name>__dtors_ptr</name>
         <value>0x16418</value>
         <object_component_ref idref="oc-74"/>
      </symbol>
      <symbol id="sm-472">
         <name>__doflush</name>
         <value>0x106d8</value>
         <object_component_ref idref="oc-7a"/>
      </symbol>
      <symbol id="sm-473">
         <name>_fflush</name>
         <value>0x10741</value>
         <object_component_ref idref="oc-7a"/>
      </symbol>
      <symbol id="sm-47d">
         <name>__fixdul</name>
         <value>0x10e20</value>
         <object_component_ref idref="oc-7e"/>
      </symbol>
      <symbol id="sm-489">
         <name>__fltuld</name>
         <value>0x112d3</value>
         <object_component_ref idref="oc-82"/>
      </symbol>
      <symbol id="sm-493">
         <name>_fscanf</name>
         <value>0xff59</value>
         <object_component_ref idref="oc-87"/>
      </symbol>
      <symbol id="sm-494">
         <name>_scanf</name>
         <value>0xff1d</value>
         <object_component_ref idref="oc-87"/>
      </symbol>
      <symbol id="sm-49c">
         <name>__mpyli</name>
         <value>0x1168f</value>
         <object_component_ref idref="oc-8b"/>
      </symbol>
      <symbol id="sm-49d">
         <name>I$$LMPY</name>
         <value>0x1168f</value>
         <object_component_ref idref="oc-8b"/>
      </symbol>
      <symbol id="sm-4af">
         <name>_add_device</name>
         <value>0xc97c</value>
         <object_component_ref idref="oc-8f"/>
      </symbol>
      <symbol id="sm-4b0">
         <name>_rename</name>
         <value>0xc69e</value>
         <object_component_ref idref="oc-8f"/>
      </symbol>
      <symbol id="sm-4b1">
         <name>_read</name>
         <value>0xc72d</value>
         <object_component_ref idref="oc-8f"/>
      </symbol>
      <symbol id="sm-4b2">
         <name>_unlink</name>
         <value>0xc66b</value>
         <object_component_ref idref="oc-8f"/>
      </symbol>
      <symbol id="sm-4b3">
         <name>_remove_device</name>
         <value>0xc6f7</value>
         <object_component_ref idref="oc-8f"/>
      </symbol>
      <symbol id="sm-4b4">
         <name>_open</name>
         <value>0xc7db</value>
         <object_component_ref idref="oc-8f"/>
      </symbol>
      <symbol id="sm-4b5">
         <name>_find_registered_device</name>
         <value>0xc900</value>
         <object_component_ref idref="oc-8f"/>
      </symbol>
      <symbol id="sm-4b6">
         <name>_lseek</name>
         <value>0xc89a</value>
         <object_component_ref idref="oc-8f"/>
      </symbol>
      <symbol id="sm-4b7">
         <name>_close</name>
         <value>0xc909</value>
         <object_component_ref idref="oc-8f"/>
      </symbol>
      <symbol id="sm-4b8">
         <name>_write</name>
         <value>0xc529</value>
         <object_component_ref idref="oc-8f"/>
      </symbol>
      <symbol id="sm-4c2">
         <name>_memset</name>
         <value>0x116b4</value>
         <object_component_ref idref="oc-95"/>
      </symbol>
      <symbol id="sm-4cc">
         <name>__mpyd</name>
         <value>0x101cc</value>
         <object_component_ref idref="oc-99"/>
      </symbol>
      <symbol id="sm-4d6">
         <name>_printf</name>
         <value>0x11382</value>
         <object_component_ref idref="oc-9d"/>
      </symbol>
      <symbol id="sm-4e1">
         <name>__remul</name>
         <value>0x10f80</value>
         <object_component_ref idref="oc-a1"/>
      </symbol>
      <symbol id="sm-4eb">
         <name>_strlen</name>
         <value>0x116c5</value>
         <object_component_ref idref="oc-a5"/>
      </symbol>
      <symbol id="sm-4f7">
         <name>_HOSTopen</name>
         <value>0xcd77</value>
         <object_component_ref idref="oc-a9"/>
      </symbol>
      <symbol id="sm-4f8">
         <name>_HOSTread</name>
         <value>0xccea</value>
         <object_component_ref idref="oc-a9"/>
      </symbol>
      <symbol id="sm-4f9">
         <name>_HOSTtime</name>
         <value>0xcbde</value>
         <object_component_ref idref="oc-a9"/>
      </symbol>
      <symbol id="sm-4fa">
         <name>_getenv</name>
         <value>0xca6c</value>
         <object_component_ref idref="oc-a9"/>
      </symbol>
      <symbol id="sm-4fb">
         <name>_HOSTrename</name>
         <value>0xcc3c</value>
         <object_component_ref idref="oc-a9"/>
      </symbol>
      <symbol id="sm-4fc">
         <name>_HOSTclock</name>
         <value>0xcf36</value>
         <object_component_ref idref="oc-a9"/>
      </symbol>
      <symbol id="sm-4fd">
         <name>_HOSTwrite</name>
         <value>0xcae7</value>
         <object_component_ref idref="oc-a9"/>
      </symbol>
      <symbol id="sm-4fe">
         <name>_HOSTlseek</name>
         <value>0xce16</value>
         <object_component_ref idref="oc-a9"/>
      </symbol>
      <symbol id="sm-4ff">
         <name>_HOSTunlink</name>
         <value>0xcb74</value>
         <object_component_ref idref="oc-a9"/>
      </symbol>
      <symbol id="sm-500">
         <name>_HOSTclose</name>
         <value>0xcecb</value>
         <object_component_ref idref="oc-a9"/>
      </symbol>
      <symbol id="sm-512">
         <name>C$$IO$$</name>
         <value>0x1084f</value>
         <object_component_ref idref="oc-b1"/>
      </symbol>
      <symbol id="sm-513">
         <name>__CIOBUF_</name>
         <value>0x6668</value>
         <object_component_ref idref="oc-b0"/>
      </symbol>
      <symbol id="sm-514">
         <name>_readmsg</name>
         <value>0x110ce</value>
         <object_component_ref idref="oc-ae"/>
      </symbol>
      <symbol id="sm-515">
         <name>_writemsg</name>
         <value>0x1079a</value>
         <object_component_ref idref="oc-b1"/>
      </symbol>
      <symbol id="sm-51d">
         <name>__remu</name>
         <value>0x11629</value>
         <object_component_ref idref="oc-b4"/>
      </symbol>
      <symbol id="sm-51e">
         <name>__divu</name>
         <value>0x11614</value>
         <object_component_ref idref="oc-b4"/>
      </symbol>
      <symbol id="sm-51f">
         <name>I$$UMOD</name>
         <value>0x11629</value>
         <object_component_ref idref="oc-b4"/>
      </symbol>
      <symbol id="sm-520">
         <name>I$$UDIV</name>
         <value>0x11614</value>
         <object_component_ref idref="oc-b4"/>
      </symbol>
      <symbol id="sm-52a">
         <name>_ungetc</name>
         <value>0x10b87</value>
         <object_component_ref idref="oc-b8"/>
      </symbol>
      <symbol id="sm-534">
         <name>_Reset</name>
         <value>0x200</value>
         <object_component_ref idref="oc-bd"/>
      </symbol>
      <symbol id="sm-53e">
         <name>_vsprintf</name>
         <value>0x111a6</value>
         <object_component_ref idref="oc-c1"/>
      </symbol>
      <symbol id="sm-54c">
         <name>__unlock</name>
         <value>0x16410</value>
         <object_component_ref idref="oc-c6"/>
      </symbol>
      <symbol id="sm-54d">
         <name>__lock</name>
         <value>0x1640c</value>
         <object_component_ref idref="oc-c6"/>
      </symbol>
      <symbol id="sm-54e">
         <name>__register_lock</name>
         <value>0x116aa</value>
         <object_component_ref idref="oc-c5"/>
      </symbol>
      <symbol id="sm-54f">
         <name>__nop</name>
         <value>0x116b2</value>
         <object_component_ref idref="oc-c5"/>
      </symbol>
      <symbol id="sm-550">
         <name>__register_unlock</name>
         <value>0x116a2</value>
         <object_component_ref idref="oc-c5"/>
      </symbol>
      <symbol id="sm-562">
         <name>__printfi</name>
         <value>0x9362</value>
         <object_component_ref idref="oc-cb"/>
      </symbol>
      <symbol id="sm-570">
         <name>__scanfi</name>
         <value>0xb047</value>
         <object_component_ref idref="oc-d1"/>
      </symbol>
      <symbol id="sm-57a">
         <name>__args_main</name>
         <value>0x1141f</value>
         <object_component_ref idref="oc-d5"/>
      </symbol>
      <symbol id="sm-57b">
         <name>__TI_args_main</name>
         <value>0x1</value>
      </symbol>
      <symbol id="sm-585">
         <name>_atoi</name>
         <value>0x11277</value>
         <object_component_ref idref="oc-d9"/>
      </symbol>
      <symbol id="sm-58d">
         <name>_auto_init</name>
         <value>0x113d2</value>
         <object_component_ref idref="oc-dd"/>
      </symbol>
      <symbol id="sm-597">
         <name>__eqld</name>
         <value>0xfb5d</value>
         <object_component_ref idref="oc-e1"/>
      </symbol>
      <symbol id="sm-598">
         <name>__cmpd</name>
         <value>0xfb91</value>
         <object_component_ref idref="oc-e1"/>
      </symbol>
      <symbol id="sm-599">
         <name>__neqd</name>
         <value>0xf9ff</value>
         <object_component_ref idref="oc-e1"/>
      </symbol>
      <symbol id="sm-59a">
         <name>__gtrd</name>
         <value>0xfac8</value>
         <object_component_ref idref="oc-e1"/>
      </symbol>
      <symbol id="sm-59b">
         <name>__geqd</name>
         <value>0xfb13</value>
         <object_component_ref idref="oc-e1"/>
      </symbol>
      <symbol id="sm-59c">
         <name>__leqd</name>
         <value>0xfa7b</value>
         <object_component_ref idref="oc-e1"/>
      </symbol>
      <symbol id="sm-59d">
         <name>__lssd</name>
         <value>0xfa33</value>
         <object_component_ref idref="oc-e1"/>
      </symbol>
      <symbol id="sm-5a5">
         <name>__ctypes_</name>
         <value>0x6290</value>
         <object_component_ref idref="oc-17f"/>
      </symbol>
      <symbol id="sm-5b1">
         <name>__divd</name>
         <value>0xdd8f</value>
         <object_component_ref idref="oc-e7"/>
      </symbol>
      <symbol id="sm-5bb">
         <name>_getchar</name>
         <value>0x10b78</value>
         <object_component_ref idref="oc-eb"/>
      </symbol>
      <symbol id="sm-5bc">
         <name>_getc</name>
         <value>0x10aec</value>
         <object_component_ref idref="oc-eb"/>
      </symbol>
      <symbol id="sm-5bd">
         <name>_fgetc</name>
         <value>0x10aec</value>
         <object_component_ref idref="oc-eb"/>
      </symbol>
      <symbol id="sm-5c7">
         <name>__fixdi</name>
         <value>0x115ea</value>
         <object_component_ref idref="oc-ef"/>
      </symbol>
      <symbol id="sm-5d1">
         <name>__fixdli</name>
         <value>0x10ff2</value>
         <object_component_ref idref="oc-f3"/>
      </symbol>
      <symbol id="sm-5dd">
         <name>__fltlid</name>
         <value>0x11210</value>
         <object_component_ref idref="oc-f7"/>
      </symbol>
      <symbol id="sm-5e7">
         <name>_putchar</name>
         <value>0x10999</value>
         <object_component_ref idref="oc-fc"/>
      </symbol>
      <symbol id="sm-5e8">
         <name>_putc</name>
         <value>0x10902</value>
         <object_component_ref idref="oc-fc"/>
      </symbol>
      <symbol id="sm-5e9">
         <name>_fputc</name>
         <value>0x10902</value>
         <object_component_ref idref="oc-fc"/>
      </symbol>
      <symbol id="sm-5f7">
         <name>_puts</name>
         <value>0xfeef</value>
         <object_component_ref idref="oc-100"/>
      </symbol>
      <symbol id="sm-5f8">
         <name>_fputs</name>
         <value>0xfdba</value>
         <object_component_ref idref="oc-100"/>
      </symbol>
      <symbol id="sm-602">
         <name>__frcmpyd</name>
         <value>0x10e97</value>
         <object_component_ref idref="oc-105"/>
      </symbol>
      <symbol id="sm-60c">
         <name>__frcmpyd_div</name>
         <value>0x10f0d</value>
         <object_component_ref idref="oc-109"/>
      </symbol>
      <symbol id="sm-616">
         <name>___isinf</name>
         <value>0x11661</value>
         <object_component_ref idref="oc-10d"/>
      </symbol>
      <symbol id="sm-620">
         <name>__divull</name>
         <value>0xf229</value>
         <object_component_ref idref="oc-111"/>
      </symbol>
      <symbol id="sm-621">
         <name>__mpylli</name>
         <value>0xf171</value>
         <object_component_ref idref="oc-111"/>
      </symbol>
      <symbol id="sm-622">
         <name>__remlli</name>
         <value>0xf142</value>
         <object_component_ref idref="oc-111"/>
      </symbol>
      <symbol id="sm-623">
         <name>__divlli</name>
         <value>0xf31d</value>
         <object_component_ref idref="oc-111"/>
      </symbol>
      <symbol id="sm-624">
         <name>__remull</name>
         <value>0xf0f4</value>
         <object_component_ref idref="oc-111"/>
      </symbol>
      <symbol id="sm-62e">
         <name>_ltoa</name>
         <value>0x10cad</value>
         <object_component_ref idref="oc-115"/>
      </symbol>
      <symbol id="sm-639">
         <name>_memccpy</name>
         <value>0x1163e</value>
         <object_component_ref idref="oc-119"/>
      </symbol>
      <symbol id="sm-641">
         <name>_memcpy</name>
         <value>0x114fd</value>
         <object_component_ref idref="oc-11d"/>
      </symbol>
      <symbol id="sm-64b">
         <name>__negd</name>
         <value>0x116d6</value>
         <object_component_ref idref="oc-121"/>
      </symbol>
      <symbol id="sm-655">
         <name>__remli</name>
         <value>0x1146a</value>
         <object_component_ref idref="oc-125"/>
      </symbol>
      <symbol id="sm-65f">
         <name>_setvbuf</name>
         <value>0x1044f</value>
         <object_component_ref idref="oc-129"/>
      </symbol>
      <symbol id="sm-66f">
         <name>_strtod</name>
         <value>0xe45c</value>
         <object_component_ref idref="oc-12d"/>
      </symbol>
      <symbol id="sm-679">
         <name>_strtol</name>
         <value>0xf7f7</value>
         <object_component_ref idref="oc-132"/>
      </symbol>
      <symbol id="sm-689">
         <name>_strtold</name>
         <value>0xe719</value>
         <object_component_ref idref="oc-136"/>
      </symbol>
      <symbol id="sm-693">
         <name>_strtoll</name>
         <value>0xe15b</value>
         <object_component_ref idref="oc-13b"/>
      </symbol>
      <symbol id="sm-69d">
         <name>_strtoul</name>
         <value>0xfbe9</value>
         <object_component_ref idref="oc-13f"/>
      </symbol>
      <symbol id="sm-6a7">
         <name>_strtoull</name>
         <value>0xf5ac</value>
         <object_component_ref idref="oc-143"/>
      </symbol>
      <symbol id="sm-6b1">
         <name>__subd</name>
         <value>0x1167b</value>
         <object_component_ref idref="oc-147"/>
      </symbol>
      <symbol id="sm-6bb">
         <name>__buff_read</name>
         <value>0x10854</value>
         <object_component_ref idref="oc-14b"/>
      </symbol>
      <symbol id="sm-6c5">
         <name>__rd_ok</name>
         <value>0x105b5</value>
         <object_component_ref idref="oc-14f"/>
      </symbol>
      <symbol id="sm-6c6">
         <name>__wrt_ok</name>
         <value>0x10535</value>
         <object_component_ref idref="oc-14f"/>
      </symbol>
      <symbol id="sm-6d0">
         <name>__addd</name>
         <value>0xf352</value>
         <object_component_ref idref="oc-153"/>
      </symbol>
      <symbol id="sm-6da">
         <name>__divli</name>
         <value>0x114b5</value>
         <object_component_ref idref="oc-157"/>
      </symbol>
      <symbol id="sm-6e4">
         <name>_errno</name>
         <value>0x163fe</value>
         <object_component_ref idref="oc-15b"/>
      </symbol>
      <symbol id="sm-6f3">
         <name>__cleanup</name>
         <value>0xead9</value>
         <object_component_ref idref="oc-15f"/>
      </symbol>
      <symbol id="sm-6f4">
         <name>_fopen</name>
         <value>0xebfc</value>
         <object_component_ref idref="oc-15f"/>
      </symbol>
      <symbol id="sm-6f5">
         <name>_freopen</name>
         <value>0xeb33</value>
         <object_component_ref idref="oc-15f"/>
      </symbol>
      <symbol id="sm-6ff">
         <name>_fseek</name>
         <value>0x1113b</value>
         <object_component_ref idref="oc-165"/>
      </symbol>
      <symbol id="sm-707">
         <name>__remi</name>
         <value>0x11599</value>
         <object_component_ref idref="oc-169"/>
      </symbol>
      <symbol id="sm-708">
         <name>__divi</name>
         <value>0x1157a</value>
         <object_component_ref idref="oc-169"/>
      </symbol>
      <symbol id="sm-709">
         <name>I$$MOD</name>
         <value>0x11599</value>
         <object_component_ref idref="oc-169"/>
      </symbol>
      <symbol id="sm-70a">
         <name>I$$DIV</name>
         <value>0x1157a</value>
         <object_component_ref idref="oc-169"/>
      </symbol>
      <symbol id="sm-71a">
         <name>__sys_memory</name>
         <value>0x400</value>
         <object_component_ref idref="oc-171"/>
      </symbol>
      <symbol id="sm-71b">
         <name>_chkheap</name>
         <value>0xd923</value>
         <object_component_ref idref="oc-16d"/>
      </symbol>
      <symbol id="sm-71c">
         <name>_realloc</name>
         <value>0xd6c2</value>
         <object_component_ref idref="oc-16d"/>
      </symbol>
      <symbol id="sm-71d">
         <name>_free_memory</name>
         <value>0xd8cd</value>
         <object_component_ref idref="oc-16d"/>
      </symbol>
      <symbol id="sm-71e">
         <name>_max_free</name>
         <value>0xd873</value>
         <object_component_ref idref="oc-16d"/>
      </symbol>
      <symbol id="sm-71f">
         <name>_free</name>
         <value>0xd49c</value>
         <object_component_ref idref="oc-16d"/>
      </symbol>
      <symbol id="sm-720">
         <name>_calloc</name>
         <value>0xd92b</value>
         <object_component_ref idref="oc-16d"/>
      </symbol>
      <symbol id="sm-721">
         <name>_malloc</name>
         <value>0xd5cd</value>
         <object_component_ref idref="oc-16d"/>
      </symbol>
      <symbol id="sm-722">
         <name>_minit</name>
         <value>0xd568</value>
         <object_component_ref idref="oc-16d"/>
      </symbol>
      <symbol id="sm-72c">
         <name>_fclose</name>
         <value>0x10da5</value>
         <object_component_ref idref="oc-174"/>
      </symbol>
      <symbol id="sm-736">
         <name>_remove</name>
         <value>0x116e6</value>
         <object_component_ref idref="oc-178"/>
      </symbol>
   </symbol_table>
</link_info>
